// Jest Snapshot v1, https://goo.gl/fbAQLP

exports[`ServerlessRouter constructor(plugins) throws error on plugin duplicates 1`] = `"Plugin \\"type\\" already registered"`;

exports[`ServerlessRouter registerPlugin(Plugin) throws error when plugin already registered 1`] = `"Plugin \\"evenodd\\" already registered"`;
